// Vitest Snapshot v1

exports[`Test in <FormField /> component > should to match snapshot 1`] = `
<div>
  <div
    class="form-field__container"
  >
    <label
      class="form-field__label undefined"
      data-testid="form-field-label"
      for="name"
    >
      Nombre:
    </label>
    <div
      class="form-field__input-container"
    >
      <input
        class="form-field__input-container__input undefined"
        name="name"
        placeholder="Ingrese su nombre"
        type="text"
        value=""
      />
      <svg
        fill="currentColor"
        height="25"
        stroke="currentColor"
        stroke-width="0"
        viewBox="0 0 512 512"
        width="25"
        xmlns="http://www.w3.org/2000/svg"
      >
        <path
          d="M344 144c-3.92 52.87-44 96-88 96s-84.15-43.12-88-96c-4-55 35-96 88-96s92 42 88 96z"
          fill="none"
          stroke-linecap="round"
          stroke-linejoin="round"
          stroke-width="32"
        />
        <path
          d="M256 304c-87 0-175.3 48-191.64 138.6C62.39 453.52 68.57 464 80 464h352c11.44 0 17.62-10.48 15.65-21.4C431.3 352 343 304 256 304z"
          fill="none"
          stroke-miterlimit="10"
          stroke-width="32"
        />
      </svg>
    </div>
  </div>
</div>
`;
